obs_size=59  state_size=102  n_actions=21
[checkpoint] resumed from /cs377/marl/results/checkpoints/cs377-2v2-mappo-06-revert/checkpoint_2587104_final.pt
wandb: [wandb.login()] Loaded credentials for https://api.wandb.ai from WANDB_API_KEY.
wandb: Currently logged in as: moonlight_ (checkcheckcheck) to https://api.wandb.ai. Use `wandb login --relogin` to force relogin
wandb: Tracking run with wandb version 0.26.1
wandb: Run data is saved locally in /workspace/wandb/run-20260601_103232-9urdp0sh
wandb: Run `wandb offline` to turn off syncing.
wandb: Syncing run cs377-2v2-mappo-08-funky
wandb: ⭐️ View project at https://wandb.ai/checkcheckcheck/mario-kart-rl
wandb: 🚀 View run at https://wandb.ai/checkcheckcheck/mario-kart-rl/runs/9urdp0sh
The XKEYBOARD keymap compiler (xkbcomp) reports:
> Warning:          Could not resolve keysym XF86CameraAccessEnable
> Warning:          Could not resolve keysym XF86CameraAccessDisable
> Warning:          Could not resolve keysym XF86CameraAccessToggle
> Warning:          Could not resolve keysym XF86NextElement
> Warning:          Could not resolve keysym XF86PreviousElement
> Warning:          Could not resolve keysym XF86AutopilotEngageToggle
> Warning:          Could not resolve keysym XF86MarkWaypoint
> Warning:          Could not resolve keysym XF86Sos
> Warning:          Could not resolve keysym XF86NavChart
> Warning:          Could not resolve keysym XF86FishingChart
> Warning:          Could not resolve keysym XF86SingleRangeRadar
> Warning:          Could not resolve keysym XF86DualRangeRadar
> Warning:          Could not resolve keysym XF86RadarOverlay
> Warning:          Could not resolve keysym XF86TraditionalSonar
> Warning:          Could not resolve keysym XF86ClearvuSonar
> Warning:          Could not resolve keysym XF86SidevuSonar
> Warning:          Could not resolve keysym XF86NavInfo
Errors from xkbcomp are not fatal to the X server
01/06/2026 10:32:33 passing arg to libvncserver: -rfbport
01/06/2026 10:32:33 passing arg to libvncserver: 5900
01/06/2026 10:32:33 x11vnc version: 0.9.16 lastmod: 2019-01-05  pid: 1914
01/06/2026 10:32:33 Using X display :0
01/06/2026 10:32:33 rootwin: 0x3a7 reswin: 0x200001 dpy: 0x8fba75c0
01/06/2026 10:32:33 
01/06/2026 10:32:33 ------------------ USEFUL INFORMATION ------------------
01/06/2026 10:32:33 X DAMAGE available on display, using it for polling hints.
01/06/2026 10:32:33   To disable this behavior use: '-noxdamage'
01/06/2026 10:32:33 
01/06/2026 10:32:33   Most compositing window managers like 'compiz' or 'beryl'
01/06/2026 10:32:33   cause X DAMAGE to fail, and so you may not see any screen
01/06/2026 10:32:33   updates via VNC.  Either disable 'compiz' (recommended) or
01/06/2026 10:32:33   supply the x11vnc '-noxdamage' command line option.
01/06/2026 10:32:33 
01/06/2026 10:32:33 Wireframing: -wireframe mode is in effect for window moves.
01/06/2026 10:32:33   If this yields undesired behavior (poor response, painting
01/06/2026 10:32:33   errors, etc) it may be disabled:
01/06/2026 10:32:33    - use '-nowf' to disable wireframing completely.
01/06/2026 10:32:33    - use '-nowcr' to disable the Copy Rectangle after the
01/06/2026 10:32:33      moved window is released in the new position.
01/06/2026 10:32:33   Also see the -help entry for tuning parameters.
01/06/2026 10:32:33   You can press 3 Alt_L's (Left "Alt" key) in a row to 
01/06/2026 10:32:33   repaint the screen, also see the -fixscreen option for
01/06/2026 10:32:33   periodic repaints.
01/06/2026 10:32:33 
01/06/2026 10:32:33 XFIXES available on display, resetting cursor mode
01/06/2026 10:32:33   to: '-cursor most'.
01/06/2026 10:32:33   to disable this behavior use: '-cursor arrow'
01/06/2026 10:32:33   or '-noxfixes'.
01/06/2026 10:32:33 using XFIXES for cursor drawing.
01/06/2026 10:32:33 GrabServer control via XTEST.
01/06/2026 10:32:33 
01/06/2026 10:32:33 Scroll Detection: -scrollcopyrect mode is in effect to
01/06/2026 10:32:33   use RECORD extension to try to detect scrolling windows
01/06/2026 10:32:33   (induced by either user keystroke or mouse input).
01/06/2026 10:32:33   If this yields undesired behavior (poor response, painting
01/06/2026 10:32:33   errors, etc) it may be disabled via: '-noscr'
01/06/2026 10:32:33   Also see the -help entry for tuning parameters.
01/06/2026 10:32:33   You can press 3 Alt_L's (Left "Alt" key) in a row to 
01/06/2026 10:32:33   repaint the screen, also see the -fixscreen option for
01/06/2026 10:32:33   periodic repaints.
01/06/2026 10:32:33 
01/06/2026 10:32:33 XKEYBOARD: number of keysyms per keycode 7 is greater
01/06/2026 10:32:33   than 4 and 51 keysyms are mapped above 4.
01/06/2026 10:32:33   Automatically switching to -xkb mode.
01/06/2026 10:32:33   If this makes the key mapping worse you can
01/06/2026 10:32:33   disable it with the "-noxkb" option.
01/06/2026 10:32:33   Also, remember "-remap DEAD" for accenting characters.
01/06/2026 10:32:33 
01/06/2026 10:32:33 X FBPM extension not supported.
Xlib:  extension "DPMS" missing on display ":0".
01/06/2026 10:32:33 X display is not capable of DPMS.
01/06/2026 10:32:33 --------------------------------------------------------
01/06/2026 10:32:33 
01/06/2026 10:32:33 Default visual ID: 0x21
01/06/2026 10:32:33 Read initial data from X display into framebuffer.
01/06/2026 10:32:33 initialize_screen: fb_depth/fb_bpp/fb_Bpl 24/32/2560
01/06/2026 10:32:33 
01/06/2026 10:32:33 X display :0 is 32bpp depth=24 true color
01/06/2026 10:32:33 
01/06/2026 10:32:33 Listening for VNC connections on TCP port 5900
01/06/2026 10:32:33 Listening for VNC connections on TCP6 port 5900
01/06/2026 10:32:33 listen6: bind: Address already in use
01/06/2026 10:32:33 Not listening on IPv6 interface.
01/06/2026 10:32:33 
01/06/2026 10:32:33 Xinerama is present and active (e.g. multi-head).
01/06/2026 10:32:33 Xinerama: number of sub-screens: 1
01/06/2026 10:32:33 Xinerama: no blackouts needed (only one sub-screen)
01/06/2026 10:32:33 
01/06/2026 10:32:33 fb read rate: 1097 MB/sec
01/06/2026 10:32:33 fast read: reset -wait  ms to: 10
01/06/2026 10:32:33 fast read: reset -defer ms to: 10
01/06/2026 10:32:33 The X server says there are 10 mouse buttons.
01/06/2026 10:32:33 screen setup finished.
01/06/2026 10:32:33 

The VNC desktop is:      1c49e4efd1c2:0

******************************************************************************
Have you tried the x11vnc '-ncache' VNC client-side pixel caching feature yet?

The scheme stores pixel data offscreen on the VNC viewer side for faster
retrieval.  It should work with any VNC viewer.  Try it by running:

    x11vnc -ncache 10 ...

One can also add -ncache_cr for smooth 'copyrect' window motion.
More info: http://www.karlrunge.com/x11vnc/faq.html#faq-client-caching

QStandardPaths: XDG_RUNTIME_DIR not set, defaulting to '/tmp/runtime-root'
sh: 1: xdg-mime: not found
WebSocket server settings:
  - Listen on :6080
  - Web server. Web root: /usr/share/novnc
  - No SSL/TLS support (no cert file)
  - proxying from :6080 to localhost:5900
ALSA lib confmisc.c:855:(parse_card) cannot find card '0'
ALSA lib conf.c:5204:(_snd_config_evaluate) function snd_func_card_inum returned error: No such file or directory
ALSA lib confmisc.c:422:(snd_func_concat) error evaluating strings
ALSA lib conf.c:5204:(_snd_config_evaluate) function snd_func_concat returned error: No such file or directory
ALSA lib confmisc.c:1342:(snd_func_refer) error evaluating name
ALSA lib conf.c:5204:(_snd_config_evaluate) function snd_func_refer returned error: No such file or directory
ALSA lib conf.c:5727:(snd_config_expand) Evaluate error: No such file or directory
ALSA lib pcm.c:2721:(snd_pcm_open_noupdate) Unknown PCM default
[iter     1] ts=     4,074  eplen= 4074T  rew=+1.685  start=0.98 completion=1.369 prog=+0.39  win=0  pool=1  speed=18.3
[iter     2] ts=     7,692  eplen= 3618T  rew=+1.338  start=0.98 completion=1.374 prog=+0.40  win=1  pool=1  speed=20.6
[iter     3] ts=    11,448  eplen= 3756T  rew=+1.581  start=0.98 completion=1.373 prog=+0.40  win=0  pool=1  speed=18.4
[iter     4] ts=    13,272  eplen= 1824T  rew=+2.282  start=0.98 completion=1.354 prog=+0.38  win=1  pool=1  speed=36.3
[iter     5] ts=    15,774  eplen= 2502T  rew=+2.013  start=0.98 completion=1.363 prog=+0.39  win=0  pool=1  speed=27.0
[iter     6] ts=    18,132  eplen= 2358T  rew=+2.319  start=0.98 completion=1.373 prog=+0.40  win=1  pool=1  speed=29.3
[iter     7] ts=    20,052  eplen= 1920T  rew=+2.268  start=0.98 completion=1.353 prog=+0.38  win=1  pool=1  speed=33.1
[iter     8] ts=    21,792  eplen= 1740T  rew=+2.383  start=0.98 completion=1.354 prog=+0.38  win=1  pool=1  speed=36.7
143.248.233.24 - - [01/Jun/2026 10:36:31] code 404, message File not found
143.248.233.24 - - [01/Jun/2026 10:36:32] 143.248.233.24: Plain non-SSL (ws://) WebSocket connection
143.248.233.24 - - [01/Jun/2026 10:36:32] 143.248.233.24: Path: '/websockify'
143.248.233.24 - - [01/Jun/2026 10:36:32] connecting to: localhost:5900
01/06/2026 10:36:32 Got connection from client 127.0.0.1
01/06/2026 10:36:32   0 other clients
01/06/2026 10:36:33 Normal socket connection
01/06/2026 10:36:33 Disabled X server key autorepeat.
01/06/2026 10:36:33   to force back on run: 'xset r on' (3 times)
01/06/2026 10:36:33 incr accepted_client=1 for 127.0.0.1:49900  sock=10
01/06/2026 10:36:33 Client Protocol Version 3.8
01/06/2026 10:36:33 Protocol version sent 3.8, using 3.8
01/06/2026 10:36:33 rfbProcessClientSecurityType: executing handler for type 1
01/06/2026 10:36:33 rfbProcessClientSecurityType: returning securityResult for client rfb version >= 3.8
01/06/2026 10:36:33 Pixel format for client 127.0.0.1:
01/06/2026 10:36:33   32 bpp, depth 24, little endian
01/06/2026 10:36:33   true colour: max r 255 g 255 b 255, shift r 0 g 8 b 16
01/06/2026 10:36:33 rfbProcessClientNormalMessage: ignoring unsupported encoding type tightPng
01/06/2026 10:36:33 Using image quality level 6 for client 127.0.0.1
01/06/2026 10:36:33 Using JPEG subsampling 0, Q79 for client 127.0.0.1
01/06/2026 10:36:33 Using compression level 2 for client 127.0.0.1
01/06/2026 10:36:33 Enabling NewFBSize protocol extension for client 127.0.0.1
01/06/2026 10:36:33 Enabling LastRect protocol extension for client 127.0.0.1
01/06/2026 10:36:33 rfbProcessClientNormalMessage: ignoring unsupported encoding type Enc(0xFFFFFEFE)
01/06/2026 10:36:33 Enabling ExtDesktopSize protocol extension for client 127.0.0.1
01/06/2026 10:36:33 rfbProcessClientNormalMessage: ignoring unsupported encoding type Enc(0xFFFFFEC8)
01/06/2026 10:36:33 rfbProcessClientNormalMessage: ignoring unsupported encoding type Enc(0xFFFFFEC7)
01/06/2026 10:36:33 rfbProcessClientNormalMessage: ignoring unsupported encoding type Enc(0xFFFFFECD)
01/06/2026 10:36:33 Enabling ExtendedClipboard extension for client 127.0.0.1
01/06/2026 10:36:33 rfbProcessClientNormalMessage: ignoring unsupported encoding type Enc(0x574D5664)
01/06/2026 10:36:33 Enabling full-color cursor updates for client 127.0.0.1
01/06/2026 10:36:33 Using tight encoding for client 127.0.0.1
01/06/2026 10:36:34 Sending rfbEncodingExtDesktopSize for size (640x480) 
01/06/2026 10:36:35 client_set_net: 127.0.0.1  0.0002
01/06/2026 10:36:35 created   xdamage object: 0x200018
01/06/2026 10:36:35 copy_tiles: allocating first_line at size 21
01/06/2026 10:36:35 client 1 network rate 7961.9 KB/sec (102836.0 eff KB/sec)
01/06/2026 10:36:35 client 1 latency:  1.9 ms
01/06/2026 10:36:35 dt1: 0.0012, dt2: 0.0085 dt3: 0.0019 bytes: 69376
01/06/2026 10:36:35 link_rate: LR_LAN - 1 ms, 7961 KB/s
01/06/2026 10:36:43 created selwin: 0x200019
01/06/2026 10:36:43 called initialize_xfixes()
[iter     9] ts=    25,842  eplen= 4050T  rew=+1.306  start=0.98 completion=1.385 prog=+0.41  win=0  pool=1  speed=23.1
[iter    10] ts=    27,666  eplen= 1824T  rew=+2.432  start=0.98 completion=1.370 prog=+0.39  win=1  pool=1  speed=39.1
[iter    11] ts=    29,784  eplen= 2118T  rew=+2.181  start=0.98 completion=1.359 prog=+0.38  win=1  pool=1  speed=32.2
[iter    12] ts=    31,686  eplen= 1902T  rew=+2.303  start=0.98 completion=1.367 prog=+0.39  win=1  pool=1  speed=36.3
[iter    13] ts=    33,468  eplen= 1782T  rew=+2.209  start=0.98 completion=1.355 prog=+0.38  win=0  pool=1  speed=36.4
[iter    14] ts=    35,160  eplen= 1692T  rew=+2.440  start=0.98 completion=1.364 prog=+0.39  win=1  pool=1  speed=42.5
[iter    15] ts=    37,074  eplen= 1914T  rew=+2.107  start=0.98 completion=1.350 prog=+0.37  win=0  pool=1  speed=34.6
[iter    16] ts=    42,744  eplen= 5670T  rew=+0.919  start=0.98 completion=1.394 prog=+0.42  win=0  pool=1  speed=21.4
[iter    17] ts=    44,460  eplen= 1716T  rew=+2.217  start=0.98 completion=1.342 prog=+0.36  win=0  pool=1  speed=36.8
[iter    18] ts=    49,578  eplen= 5118T  rew=+1.614  start=0.98 completion=1.354 prog=+0.38  win=0  pool=1  speed=13.6
[iter    19] ts=    52,224  eplen= 2646T  rew=+2.083  start=0.98 completion=1.375 prog=+0.40  win=1  pool=1  speed=27.3
[iter    20] ts=    56,352  eplen= 4128T  rew=+1.826  start=0.98 completion=1.371 prog=+0.39  win=0  pool=1  speed=18.6
[iter    21] ts=    58,794  eplen= 2442T  rew=+2.025  start=0.98 completion=1.358 prog=+0.38  win=1  pool=1  speed=27.9
01/06/2026 10:41:49 idle keyboard:   turning X autorepeat back on.
[iter    22] ts=    62,034  eplen= 3240T  rew=+1.715  start=0.98 completion=1.383 prog=+0.41  win=0  pool=1  speed=27.8
[iter    23] ts=    67,224  eplen= 5190T  rew=+1.311  start=0.98 completion=1.372 prog=+0.39  win=1  pool=1  speed=16.9
[iter    24] ts=    69,132  eplen= 1908T  rew=+2.268  start=0.98 completion=1.356 prog=+0.38  win=1  pool=1  speed=35.2

[shutdown] signal 2 received — finishing current episode then saving.
[iter    25] ts=    69,378  eplen=  246   rew=+1.456  start=0.98 completion=1.075 prog=+0.10  win=0  pool=1  speed=51.0
[shutdown] final checkpoint at ts=69378
wandb: updating run metadata
wandb: uploading output.log; uploading wandb-summary.json; uploading config.yaml
wandb: uploading output.log
wandb: 
wandb: Run history:
wandb:   rollout/best_race_position ▅▁▅▁▅▁▁▁█▁▁▁▅▁▅▁▅█▁▁▁▁▁▁█
wandb:        rollout/episode_steps ▆▅▆▃▄▄▃▃▆▃▃▃▃▃▃█▃▇▄▆▄▅▇▃▁
wandb:          rollout/finish_rate ▁▁▁▁▁▁▁▁▁▁▁▁▁▁▁▁▁▁▁▁▁▁▁▁▁
wandb:  rollout/mean_episode_reward ▅▃▄▇▆▇▇█▃█▇▇▇█▆▁▇▄▆▅▆▅▃▇▃
wandb: rollout/mean_race_completion ▇██▇▇█▇▇█▇▇▇▇▇▇█▇▇█▇▇██▇▁
wandb:           rollout/mean_speed ▂▂▂▅▄▄▅▅▃▆▄▅▅▆▅▂▅▁▄▂▄▄▂▅█
wandb:             rollout/progress ▇██▇▇█▇▇█▇▇▇▇▇▇█▇▇█▇▇██▇▁
wandb:              rollout/stalled ████████████████████████▁
wandb:     rollout/start_completion ▁▁▁▁▁▁▁▁▁▁▁▁▁▁▁▁▁▁▁▁▁▁▁▁▁
wandb:      rollout/win_vs_snapshot ▁█▁█▁███▁███▁█▁▁▁▁█▁█▁██▁
wandb:                           +6 ...
wandb: 
wandb: Run summary:
wandb:   rollout/best_race_position 3
wandb:        rollout/episode_steps 246
wandb:          rollout/finish_rate 0
wandb:  rollout/mean_episode_reward 1.45551
wandb: rollout/mean_race_completion 1.07465
wandb:           rollout/mean_speed 50.95808
wandb:             rollout/progress 0.09725
wandb:              rollout/stalled 0
wandb:     rollout/start_completion 0.9774
wandb:      rollout/win_vs_snapshot 0
wandb:                           +6 ...
wandb: 
wandb: 🚀 View run cs377-2v2-mappo-08-funky at: https://wandb.ai/checkcheckcheck/mario-kart-rl/runs/9urdp0sh
wandb: ⭐️ View project at: https://wandb.ai/checkcheckcheck/mario-kart-rl
wandb: Synced 5 W&B file(s), 0 media file(s), 0 artifact file(s) and 0 other file(s)
wandb: Find logs at: ./wandb/run-20260601_103232-9urdp0sh/logs

A signal was received. A second signal will force Dolphin to stop.
 In exit
Terminating child 2212
Process Process-3:
Traceback (most recent call last):
  File "/usr/lib/python3.12/multiprocessing/process.py", line 314, in _bootstrap
    self.run()
  File "/usr/lib/python3.12/multiprocessing/process.py", line 108, in run
    self._target(*self._args, **self._kwargs)
  File "/usr/lib/python3/dist-packages/websockify/websockifyserver.py", line 662, in top_new_client
    client = self.do_handshake(startsock, address)
             ^^^^^^^^^^^^^^^^^^^^^^^^^^^^^^^^^^^^^
  File "/usr/lib/python3/dist-packages/websockify/websockifyserver.py", line 590, in do_handshake
    self.RequestHandlerClass(retsock, address, self)
  File "/usr/lib/python3/dist-packages/websockify/websockifyserver.py", line 87, in __init__
    super().__init__(req, addr, server)
  File "/usr/lib/python3.12/http/server.py", line 672, in __init__
    super().__init__(*args, **kwargs)
  File "/usr/lib/python3.12/socketserver.py", line 761, in __init__
    self.handle()
  File "/usr/lib/python3/dist-packages/websockify/websockifyserver.py", line 297, in handle
    super().handle()
  File "/usr/lib/python3.12/http/server.py", line 436, in handle
    self.handle_one_request()
  File "/usr/lib/python3/dist-packages/websockify/websocketserver.py", line 40, in handle_one_request
    super().handle_one_request()
  File "/usr/lib/python3.12/http/server.py", line 424, in handle_one_request
    method()
  File "/usr/lib/python3/dist-packages/websockify/websocketserver.py", line 50, in _websocket_do_GET
    self.handle_upgrade()
  File "/usr/lib/python3/dist-packages/websockify/websockifyserver.py", line 203, in handle_upgrade
    super().handle_upgrade()
  File "/usr/lib/python3/dist-packages/websockify/websocketserver.py", line 77, in handle_upgrade
    self.handle_websocket()
  File "/usr/lib/python3/dist-packages/websockify/websockifyserver.py", line 241, in handle_websocket
    self.new_websocket_client()
  File "/usr/lib/python3/dist-packages/websockify/websocketproxy.py", line 123, in new_websocket_client
    self.do_proxy(tsock)
  File "/usr/lib/python3/dist-packages/websockify/websocketproxy.py", line 198, in do_proxy
    ins, outs, excepts = select.select(rlist, wlist, [], 1)
                         ^^^^^^^^^^^^^^^^^^^^^^^^^^^^^^^^^^
  File "/usr/lib/python3/dist-packages/websockify/websockifyserver.py", line 654, in do_SIGTERM
    self.terminate()
  File "/usr/lib/python3/dist-packages/websockify/websockifyserver.py", line 627, in terminate
    raise self.Terminate()
websockify.websockifyserver.WebSockifyServer.Terminate
caught signal: 15
01/06/2026 10:43:13 deleted 20 tile_row polling images.
/usr/lib/python3.12/multiprocessing/resource_tracker.py:254: UserWarning: resource_tracker: There appear to be 1 leaked shared_memory objects to clean up at shutdown
  warnings.warn('resource_tracker: There appear to be %d '
/usr/lib/python3.12/multiprocessing/resource_tracker.py:267: UserWarning: resource_tracker: '/DolphinSharedFrameBuffer_0': [Errno 2] No such file or directory: '/DolphinSharedFrameBuffer_0'
  warnings.warn('resource_tracker: %r: %s' % (name, e))
